[2024-11-18 14:34:53,298: INFO: main: Hi, welocme to the text summarizer app.]
[2024-11-18 16:11:34,103: INFO: main: >>>>>>> stage Data Ingestion Stage started <<<<<<<<]
[2024-11-18 16:11:34,103: INFO: common: yaml file: config\config.yaml loaded successfully]
[2024-11-18 16:11:34,103: INFO: common: yaml file: params.yaml loaded successfully]
[2024-11-18 16:11:34,103: ERROR: main: yaml file is empty]
Traceback (most recent call last):
  File "d:\repositories\text_summarizer\src\textSummarizer\utils\common.py", line 16, in read_yaml
    return ConfigBox(data)
  File "box\\box.py", line 296, in box.box.Box.__init__
box.exceptions.BoxValueError: First argument must be mapping or iterable

During handling of the above exception, another exception occurred:

Traceback (most recent call last):
  File "D:\repositories\Text_summarizer\main.py", line 8, in <module>
    data_ingestion.main()
  File "d:\repositories\text_summarizer\src\textSummarizer\pipeline\stage_01_data_ingestion.py", line 17, in main
    raise e
  File "d:\repositories\text_summarizer\src\textSummarizer\pipeline\stage_01_data_ingestion.py", line 11, in main
    config = ConfigurationManager()
  File "d:\repositories\text_summarizer\src\textSummarizer\config\configuration.py", line 13, in __init__
    self.params = read_yaml(params_filepath)
  File "d:\repositories\Text_summarizer\venv\lib\site-packages\ensure\main.py", line 872, in __call__
    return_val = self.f(*args, **kwargs)
  File "d:\repositories\text_summarizer\src\textSummarizer\utils\common.py", line 18, in read_yaml
    raise ValueError("yaml file is empty")
ValueError: yaml file is empty
[2024-11-18 16:12:55,923: INFO: main: >>>>>>> stage Data Ingestion Stage started <<<<<<<<]
[2024-11-18 16:12:55,923: INFO: common: yaml file: config\config.yaml loaded successfully]
[2024-11-18 16:12:55,923: INFO: common: yaml file: params.yaml loaded successfully]
[2024-11-18 16:12:55,923: INFO: common: Directory artifacts created successfully]
[2024-11-18 16:12:55,923: INFO: common: Directory artifacts/data_ingestion created successfully]
[2024-11-18 16:12:58,301: INFO: data_ingestion: artifacts/data_ingestion/data.zip download! with following info: 
Connection: close
Content-Length: 7903594
Cache-Control: max-age=300
Content-Security-Policy: default-src 'none'; style-src 'unsafe-inline'; sandbox
Content-Type: application/zip
ETag: "dbc016a060da18070593b83afff580c9b300f0b6ea4147a7988433e04df246ca"
Strict-Transport-Security: max-age=31536000
X-Content-Type-Options: nosniff
X-Frame-Options: deny
X-XSS-Protection: 1; mode=block
X-GitHub-Request-Id: E1F3:33245C:23E55:2A293:673B1A30
Accept-Ranges: bytes
Date: Mon, 18 Nov 2024 10:42:57 GMT
Via: 1.1 varnish
X-Served-By: cache-hyd1100028-HYD
X-Cache: MISS
X-Cache-Hits: 0
X-Timer: S1731926577.558343,VS0,VE655
Vary: Authorization,Accept-Encoding,Origin
Access-Control-Allow-Origin: *
Cross-Origin-Resource-Policy: cross-origin
X-Fastly-Request-ID: aa05b2e30a9618df7005a6806815ad6348a3fdf5
Expires: Mon, 18 Nov 2024 10:47:57 GMT
Source-Age: 0

]
[2024-11-18 16:12:58,381: INFO: main: >>>>>>> stage Data Ingestion Stage completed <<<<<<<<

=================x]
[2024-11-18 20:46:47,052: INFO: main: >>>>>>> stage Data Validation Stage started <<<<<<<<]
[2024-11-18 20:46:47,053: INFO: common: yaml file: config\config.yaml loaded successfully]
[2024-11-18 20:46:47,055: INFO: common: yaml file: params.yaml loaded successfully]
[2024-11-18 20:46:47,055: INFO: common: Directory artifacts created successfully]
[2024-11-18 20:46:47,055: INFO: common: Directory artifacts/data_validation created successfully]
[2024-11-18 20:46:47,056: INFO: main: >>>>>>> stage Data Validation Stage completed <<<<<<<<

=================x]
[2024-11-18 20:57:02,440: INFO: config: PyTorch version 2.5.1 available.]
[2024-11-18 20:57:03,082: INFO: main: >>>>>>> stage Data Transformation Stage started <<<<<<<<]
[2024-11-18 20:57:03,084: INFO: common: yaml file: config\config.yaml loaded successfully]
[2024-11-18 20:57:03,085: INFO: common: yaml file: params.yaml loaded successfully]
[2024-11-18 20:57:03,086: INFO: common: Directory artifacts created successfully]
[2024-11-18 20:57:03,086: INFO: common: Directory artifacts/data_transformation created successfully]
[2024-11-18 20:57:10,043: INFO: main: >>>>>>> stage Data Transformation Stage completed <<<<<<<<

=================x]
[2024-11-18 21:41:43,541: INFO: config: PyTorch version 2.5.1 available.]
[2024-11-18 21:41:45,458: INFO: main: >>>>>>> stage Model Training  Stage started <<<<<<<<]
[2024-11-18 21:41:45,460: INFO: common: yaml file: config\config.yaml loaded successfully]
[2024-11-18 21:41:45,462: INFO: common: yaml file: params.yaml loaded successfully]
[2024-11-18 21:41:45,463: INFO: common: Directory artifacts created successfully]
[2024-11-18 21:41:45,463: ERROR: main: "'ConfigBox' object has no attribute 'model_trainer'"]
Traceback (most recent call last):
  File "box\\box.py", line 593, in box.box.Box.__getitem__
KeyError: 'model_trainer'

The above exception was the direct cause of the following exception:

Traceback (most recent call last):
  File "box\\box.py", line 632, in box.box.Box.__getattr__
  File "box\\box.py", line 620, in box.box.Box.__getitem__
box.exceptions.BoxKeyError: "'model_trainer'"

During handling of the above exception, another exception occurred:

Traceback (most recent call last):
  File "box\\box.py", line 634, in box.box.Box.__getattr__
AttributeError: 'ConfigBox' object has no attribute 'model_trainer'

The above exception was the direct cause of the following exception:

Traceback (most recent call last):
  File "box\\config_box.py", line 29, in box.config_box.ConfigBox.__getattr__
  File "box\\box.py", line 648, in box.box.Box.__getattr__
box.exceptions.BoxKeyError: "'ConfigBox' object has no attribute 'model_trainer'"

During handling of the above exception, another exception occurred:

Traceback (most recent call last):
  File "box\\box.py", line 593, in box.box.Box.__getitem__
KeyError: 'model_trainer'

The above exception was the direct cause of the following exception:

Traceback (most recent call last):
  File "box\\box.py", line 632, in box.box.Box.__getattr__
  File "box\\box.py", line 620, in box.box.Box.__getitem__
box.exceptions.BoxKeyError: "'model_trainer'"

During handling of the above exception, another exception occurred:

Traceback (most recent call last):
  File "box\\box.py", line 634, in box.box.Box.__getattr__
AttributeError: 'ConfigBox' object has no attribute 'model_trainer'

The above exception was the direct cause of the following exception:

Traceback (most recent call last):
  File "D:\repositories\Text_summarizer\main.py", line 41, in <module>
    model_trainer.main()
  File "d:\repositories\text_summarizer\src\textSummarizer\pipeline\stage_03_model_trainer.py", line 15, in main
    raise e
  File "d:\repositories\text_summarizer\src\textSummarizer\pipeline\stage_03_model_trainer.py", line 11, in main
    model_trainer_config = config.get_model_trainer_config()
  File "d:\repositories\text_summarizer\src\textSummarizer\config\configuration.py", line 60, in get_model_trainer_config
    config = self.config.model_trainer
  File "box\\config_box.py", line 31, in box.config_box.ConfigBox.__getattr__
  File "box\\box.py", line 648, in box.box.Box.__getattr__
box.exceptions.BoxKeyError: "'ConfigBox' object has no attribute 'model_trainer'"
[2024-11-18 21:43:19,540: INFO: config: PyTorch version 2.5.1 available.]
[2024-11-18 21:43:20,027: INFO: main: >>>>>>> stage Model Training  Stage started <<<<<<<<]
[2024-11-18 21:43:20,027: INFO: common: yaml file: config\config.yaml loaded successfully]
[2024-11-18 21:43:20,027: INFO: common: yaml file: params.yaml loaded successfully]
[2024-11-18 21:43:20,027: INFO: common: Directory artifacts created successfully]
[2024-11-18 21:43:20,027: INFO: common: Directory artifacts/model_trainer created successfully]
[2024-11-18 22:29:16,279: INFO: config: PyTorch version 2.5.1 available.]
[2024-11-18 22:39:53,105: INFO: config: PyTorch version 2.5.1 available.]
[2024-11-18 22:39:53,625: INFO: main: >>>>>>> stage Model Evaluation  Stage started <<<<<<<<]
[2024-11-18 22:39:53,627: INFO: common: yaml file: config\config.yaml loaded successfully]
[2024-11-18 22:39:53,628: INFO: common: yaml file: params.yaml loaded successfully]
[2024-11-18 22:39:53,629: INFO: common: Directory artifacts created successfully]
[2024-11-18 22:39:53,629: INFO: common: Directory artifacts/model_evaluation created successfully]
[2024-11-18 22:39:53,629: INFO: main: >>>>>>> stage Model Evaluation  Stage completed <<<<<<<<

=================x]
[2024-11-19 08:58:16,552: INFO: config: PyTorch version 2.5.1 available.]
[2024-11-19 08:58:18,825: INFO: main: >>>>>>> stage Data Ingestion Stage started <<<<<<<<]
[2024-11-19 08:58:18,829: INFO: common: yaml file: config\config.yaml loaded successfully]
[2024-11-19 08:58:18,829: INFO: common: yaml file: params.yaml loaded successfully]
[2024-11-19 08:58:18,829: INFO: common: Directory artifacts created successfully]
[2024-11-19 08:58:18,829: INFO: common: Directory artifacts/data_ingestion created successfully]
[2024-11-19 08:58:22,657: INFO: data_ingestion: artifacts/data_ingestion/data.zip download! with following info: 
Connection: close
Content-Length: 7903594
Cache-Control: max-age=300
Content-Security-Policy: default-src 'none'; style-src 'unsafe-inline'; sandbox
Content-Type: application/zip
ETag: "dbc016a060da18070593b83afff580c9b300f0b6ea4147a7988433e04df246ca"
Strict-Transport-Security: max-age=31536000
X-Content-Type-Options: nosniff
X-Frame-Options: deny
X-XSS-Protection: 1; mode=block
X-GitHub-Request-Id: 9DDD:347D96:C7B71:FE9B1:673C05D3
Accept-Ranges: bytes
Date: Tue, 19 Nov 2024 03:28:21 GMT
Via: 1.1 varnish
X-Served-By: cache-hyd1100032-HYD
X-Cache: MISS
X-Cache-Hits: 0
X-Timer: S1731986899.187669,VS0,VE2090
Vary: Authorization,Accept-Encoding,Origin
Access-Control-Allow-Origin: *
Cross-Origin-Resource-Policy: cross-origin
X-Fastly-Request-ID: c66d5b29c96fb742496e12ede4b4b1b47e1a5755
Expires: Tue, 19 Nov 2024 03:33:21 GMT
Source-Age: 2

]
[2024-11-19 08:58:22,811: INFO: main: >>>>>>> stage Data Ingestion Stage completed <<<<<<<<

=================x]
[2024-11-19 08:58:22,811: INFO: main: >>>>>>> stage Data Validation Stage started <<<<<<<<]
[2024-11-19 08:58:22,816: INFO: common: yaml file: config\config.yaml loaded successfully]
[2024-11-19 08:58:22,820: INFO: common: yaml file: params.yaml loaded successfully]
[2024-11-19 08:58:22,821: INFO: common: Directory artifacts created successfully]
[2024-11-19 08:58:22,821: INFO: common: Directory artifacts/data_validation created successfully]
[2024-11-19 08:58:22,824: INFO: main: >>>>>>> stage Data Validation Stage completed <<<<<<<<

=================x]
[2024-11-19 08:58:22,824: INFO: main: >>>>>>> stage Data Transformation Stage started <<<<<<<<]
[2024-11-19 08:58:22,828: INFO: common: yaml file: config\config.yaml loaded successfully]
[2024-11-19 08:58:22,831: INFO: common: yaml file: params.yaml loaded successfully]
[2024-11-19 08:58:22,832: INFO: common: Directory artifacts created successfully]
[2024-11-19 08:58:22,832: INFO: common: Directory artifacts/data_transformation created successfully]
[2024-11-19 08:58:25,167: WARNING: warnings: d:\repositories\Text_summarizer\venv\lib\site-packages\transformers\tokenization_utils_base.py:4114: UserWarning: `as_target_tokenizer` is deprecated and will be removed in v5 of Transformers. You can tokenize your labels by using the argument `text_target` of the regular `__call__` method (either in the same call as your input texts if you use the same keyword arguments, or in a separate call.
  warnings.warn(
]
[2024-11-19 08:58:27,537: INFO: main: >>>>>>> stage Data Transformation Stage completed <<<<<<<<

=================x]
[2024-11-19 08:58:27,537: INFO: main: >>>>>>> stage Model Training  Stage started <<<<<<<<]
[2024-11-19 08:58:27,541: INFO: common: yaml file: config\config.yaml loaded successfully]
[2024-11-19 08:58:27,541: INFO: common: yaml file: params.yaml loaded successfully]
[2024-11-19 08:58:27,545: INFO: common: Directory artifacts created successfully]
[2024-11-19 08:58:27,545: INFO: common: Directory artifacts/model_trainer created successfully]
[2024-11-19 09:03:49,010: WARNING: warnings: d:\repositories\Text_summarizer\venv\lib\site-packages\huggingface_hub\file_download.py:139: UserWarning: `huggingface_hub` cache-system uses symlinks by default to efficiently store duplicated files but your machine does not support them in C:\Users\user\.cache\huggingface\hub\models--google--pegasus-cnn_dailymail. Caching files will still work but in a degraded version that might require more space on your disk. This warning can be disabled by setting the `HF_HUB_DISABLE_SYMLINKS_WARNING` environment variable. For more details, see https://huggingface.co/docs/huggingface_hub/how-to-cache#limitations.
To support symlinks on Windows, you either need to activate Developer Mode or to run Python as an administrator. In order to activate developer mode, see this article: https://docs.microsoft.com/en-us/windows/apps/get-started/enable-your-device-for-development
  warnings.warn(message)
]
[2024-11-19 09:03:56,442: WARNING: warnings: d:\repositories\text_summarizer\src\textSummarizer\components\model_trainer.py:30: FutureWarning: `tokenizer` is deprecated and will be removed in version 5.0.0 for `Trainer.__init__`. Use `processing_class` instead.
  trainer = Trainer(model=model_pegasus, args=trainer_args,
]
[2024-11-19 09:03:59,098: INFO: main: >>>>>>> stage Model Training  Stage completed <<<<<<<<

=================x]
[2024-11-19 09:03:59,098: INFO: main: >>>>>>> stage Model Evaluation  Stage started <<<<<<<<]
[2024-11-19 09:03:59,104: INFO: common: yaml file: config\config.yaml loaded successfully]
[2024-11-19 09:03:59,108: INFO: common: yaml file: params.yaml loaded successfully]
[2024-11-19 09:03:59,109: INFO: common: Directory artifacts created successfully]
[2024-11-19 09:03:59,109: INFO: common: Directory artifacts/model_evaluation created successfully]
[2024-11-19 09:03:59,109: INFO: main: >>>>>>> stage Model Evaluation  Stage completed <<<<<<<<

=================x]
[2024-11-19 09:53:23,381: INFO: config: PyTorch version 2.5.1 available.]
[2024-11-19 09:53:24,373: INFO: main: >>>>>>> stage Data Ingestion Stage started <<<<<<<<]
[2024-11-19 09:53:24,377: INFO: common: yaml file: config\config.yaml loaded successfully]
[2024-11-19 09:53:24,381: INFO: common: yaml file: params.yaml loaded successfully]
[2024-11-19 09:53:24,381: INFO: common: Directory artifacts created successfully]
[2024-11-19 09:53:24,383: INFO: common: Directory artifacts/data_ingestion created successfully]
[2024-11-19 09:53:26,303: INFO: data_ingestion: artifacts/data_ingestion/data.zip download! with following info: 
Connection: close
Content-Length: 7903594
Cache-Control: max-age=300
Content-Security-Policy: default-src 'none'; style-src 'unsafe-inline'; sandbox
Content-Type: application/zip
ETag: "dbc016a060da18070593b83afff580c9b300f0b6ea4147a7988433e04df246ca"
Strict-Transport-Security: max-age=31536000
X-Content-Type-Options: nosniff
X-Frame-Options: deny
X-XSS-Protection: 1; mode=block
X-GitHub-Request-Id: 9DDD:347D96:C7B71:FE9B1:673C05D3
Accept-Ranges: bytes
Date: Tue, 19 Nov 2024 04:23:25 GMT
Via: 1.1 varnish
X-Served-By: cache-hyd1100021-HYD
X-Cache: HIT
X-Cache-Hits: 0
X-Timer: S1731990205.844328,VS0,VE247
Vary: Authorization,Accept-Encoding,Origin
Access-Control-Allow-Origin: *
Cross-Origin-Resource-Policy: cross-origin
X-Fastly-Request-ID: d70e71c1b268ddad8f121e5ed85b913a3fa81d5b
Expires: Tue, 19 Nov 2024 04:28:25 GMT
Source-Age: 0

]
[2024-11-19 09:53:26,415: INFO: main: >>>>>>> stage Data Ingestion Stage completed <<<<<<<<

=================x]
[2024-11-19 09:53:26,415: INFO: main: >>>>>>> stage Data Validation Stage started <<<<<<<<]
[2024-11-19 09:53:26,422: INFO: common: yaml file: config\config.yaml loaded successfully]
[2024-11-19 09:53:26,423: INFO: common: yaml file: params.yaml loaded successfully]
[2024-11-19 09:53:26,423: INFO: common: Directory artifacts created successfully]
[2024-11-19 09:53:26,425: INFO: common: Directory artifacts/data_validation created successfully]
[2024-11-19 09:53:26,427: INFO: main: >>>>>>> stage Data Validation Stage completed <<<<<<<<

=================x]
[2024-11-19 09:53:26,427: INFO: main: >>>>>>> stage Data Transformation Stage started <<<<<<<<]
[2024-11-19 09:53:26,432: INFO: common: yaml file: config\config.yaml loaded successfully]
[2024-11-19 09:53:26,435: INFO: common: yaml file: params.yaml loaded successfully]
[2024-11-19 09:53:26,436: INFO: common: Directory artifacts created successfully]
[2024-11-19 09:53:26,436: INFO: common: Directory artifacts/data_transformation created successfully]
[2024-11-19 09:53:28,617: WARNING: warnings: d:\repositories\Text_summarizer\venv\lib\site-packages\transformers\tokenization_utils_base.py:4114: UserWarning: `as_target_tokenizer` is deprecated and will be removed in v5 of Transformers. You can tokenize your labels by using the argument `text_target` of the regular `__call__` method (either in the same call as your input texts if you use the same keyword arguments, or in a separate call.
  warnings.warn(
]
[2024-11-19 09:53:30,687: INFO: main: >>>>>>> stage Data Transformation Stage completed <<<<<<<<

=================x]
[2024-11-19 09:53:30,687: INFO: main: >>>>>>> stage Model Training  Stage started <<<<<<<<]
[2024-11-19 09:53:30,690: INFO: common: yaml file: config\config.yaml loaded successfully]
[2024-11-19 09:53:30,691: INFO: common: yaml file: params.yaml loaded successfully]
[2024-11-19 09:53:30,692: INFO: common: Directory artifacts created successfully]
[2024-11-19 09:53:38,445: WARNING: warnings: d:\repositories\text_summarizer\src\textSummarizer\components\model_trainer.py:30: FutureWarning: `tokenizer` is deprecated and will be removed in version 5.0.0 for `Trainer.__init__`. Use `processing_class` instead.
  trainer = Trainer(model=model_pegasus, args=trainer_args,
]
[2024-11-19 09:53:39,794: INFO: main: >>>>>>> stage Model Training  Stage completed <<<<<<<<

=================x]
[2024-11-19 09:53:39,794: INFO: main: >>>>>>> stage Model Evaluation  Stage started <<<<<<<<]
[2024-11-19 09:53:39,799: INFO: common: yaml file: config\config.yaml loaded successfully]
[2024-11-19 09:53:39,803: INFO: common: yaml file: params.yaml loaded successfully]
[2024-11-19 09:53:39,803: INFO: common: Directory artifacts created successfully]
[2024-11-19 09:53:39,804: INFO: common: Directory artifacts/model_evaluation created successfully]
[2024-11-19 09:53:43,170: ERROR: main: module 'evaluation' has no attribute 'load']
Traceback (most recent call last):
  File "D:\repositories\Text_summarizer\main.py", line 52, in <module>
    model_evaluator.main()
  File "d:\repositories\text_summarizer\src\textSummarizer\pipeline\stage_05_model_evaluation.py", line 16, in main
    raise e
  File "d:\repositories\text_summarizer\src\textSummarizer\pipeline\stage_05_model_evaluation.py", line 14, in main
    model_evaluation_config.evaluate()
  File "d:\repositories\text_summarizer\src\textSummarizer\components\model_evaluation.py", line 67, in evaluate
    rouge_metric = eval.load('rouge')
AttributeError: module 'evaluation' has no attribute 'load'
[2024-11-19 09:59:06,216: INFO: config: PyTorch version 2.5.1 available.]
[2024-11-19 09:59:10,665: INFO: main: >>>>>>> stage Data Ingestion Stage started <<<<<<<<]
[2024-11-19 09:59:10,665: INFO: common: yaml file: config\config.yaml loaded successfully]
[2024-11-19 09:59:10,665: INFO: common: yaml file: params.yaml loaded successfully]
[2024-11-19 09:59:10,665: INFO: common: Directory artifacts created successfully]
[2024-11-19 09:59:10,665: INFO: common: Directory artifacts/data_ingestion created successfully]
[2024-11-19 09:59:12,616: INFO: data_ingestion: artifacts/data_ingestion/data.zip download! with following info: 
Connection: close
Content-Length: 7903594
Cache-Control: max-age=300
Content-Security-Policy: default-src 'none'; style-src 'unsafe-inline'; sandbox
Content-Type: application/zip
ETag: "dbc016a060da18070593b83afff580c9b300f0b6ea4147a7988433e04df246ca"
Strict-Transport-Security: max-age=31536000
X-Content-Type-Options: nosniff
X-Frame-Options: deny
X-XSS-Protection: 1; mode=block
X-GitHub-Request-Id: 9DDD:347D96:C7B71:FE9B1:673C05D3
Accept-Ranges: bytes
Date: Tue, 19 Nov 2024 04:29:11 GMT
Via: 1.1 varnish
X-Served-By: cache-hyd1100024-HYD
X-Cache: HIT
X-Cache-Hits: 0
X-Timer: S1731990551.143022,VS0,VE259
Vary: Authorization,Accept-Encoding,Origin
Access-Control-Allow-Origin: *
Cross-Origin-Resource-Policy: cross-origin
X-Fastly-Request-ID: 98751a55a145dab3c20dc00a9e427f13881698c5
Expires: Tue, 19 Nov 2024 04:34:11 GMT
Source-Age: 0

]
[2024-11-19 09:59:12,704: INFO: main: >>>>>>> stage Data Ingestion Stage completed <<<<<<<<

=================x]
[2024-11-19 09:59:12,704: INFO: main: >>>>>>> stage Data Validation Stage started <<<<<<<<]
[2024-11-19 09:59:12,708: INFO: common: yaml file: config\config.yaml loaded successfully]
[2024-11-19 09:59:12,713: INFO: common: yaml file: params.yaml loaded successfully]
[2024-11-19 09:59:12,713: INFO: common: Directory artifacts created successfully]
[2024-11-19 09:59:12,715: INFO: common: Directory artifacts/data_validation created successfully]
[2024-11-19 09:59:12,716: INFO: main: >>>>>>> stage Data Validation Stage completed <<<<<<<<

=================x]
[2024-11-19 09:59:12,716: INFO: main: >>>>>>> stage Data Transformation Stage started <<<<<<<<]
[2024-11-19 09:59:12,719: INFO: common: yaml file: config\config.yaml loaded successfully]
[2024-11-19 09:59:12,722: INFO: common: yaml file: params.yaml loaded successfully]
[2024-11-19 09:59:12,722: INFO: common: Directory artifacts created successfully]
[2024-11-19 09:59:12,724: INFO: common: Directory artifacts/data_transformation created successfully]
[2024-11-19 09:59:16,493: INFO: main: >>>>>>> stage Data Transformation Stage completed <<<<<<<<

=================x]
[2024-11-19 09:59:16,493: INFO: main: >>>>>>> stage Model Training  Stage started <<<<<<<<]
[2024-11-19 09:59:16,503: INFO: common: yaml file: config\config.yaml loaded successfully]
[2024-11-19 09:59:16,506: INFO: common: yaml file: params.yaml loaded successfully]
[2024-11-19 09:59:16,507: INFO: common: Directory artifacts created successfully]
[2024-11-19 09:59:26,007: INFO: main: >>>>>>> stage Model Training  Stage completed <<<<<<<<

=================x]
[2024-11-19 09:59:26,007: INFO: main: >>>>>>> stage Model Evaluation  Stage started <<<<<<<<]
[2024-11-19 09:59:26,022: INFO: common: yaml file: config\config.yaml loaded successfully]
[2024-11-19 09:59:26,024: INFO: common: yaml file: params.yaml loaded successfully]
[2024-11-19 09:59:26,024: INFO: common: Directory artifacts created successfully]
[2024-11-19 09:59:26,024: INFO: common: Directory artifacts/model_evaluation created successfully]
[2024-11-19 10:01:34,197: INFO: rouge_scorer: Using default tokenizer.]
[2024-11-19 10:01:34,513: ERROR: main: 'numpy.float64' object has no attribute 'mid']
Traceback (most recent call last):
  File "D:\repositories\Text_summarizer\main.py", line 52, in <module>
    model_evaluator.main()
  File "d:\repositories\text_summarizer\src\textSummarizer\pipeline\stage_05_model_evaluation.py", line 16, in main
    raise e
  File "d:\repositories\text_summarizer\src\textSummarizer\pipeline\stage_05_model_evaluation.py", line 14, in main
    model_evaluation_config.evaluate()
  File "d:\repositories\text_summarizer\src\textSummarizer\components\model_evaluation.py", line 73, in evaluate
    rouge_dict = dict((rn, score[rn].mid.fmeasure ) for rn in rouge_names )
  File "d:\repositories\text_summarizer\src\textSummarizer\components\model_evaluation.py", line 73, in <genexpr>
    rouge_dict = dict((rn, score[rn].mid.fmeasure ) for rn in rouge_names )
AttributeError: 'numpy.float64' object has no attribute 'mid'
[2024-11-19 10:10:33,747: INFO: config: PyTorch version 2.5.1 available.]
[2024-11-19 10:10:34,987: INFO: main: >>>>>>> stage Data Ingestion Stage started <<<<<<<<]
[2024-11-19 10:10:34,989: INFO: common: yaml file: config\config.yaml loaded successfully]
[2024-11-19 10:10:34,993: INFO: common: yaml file: params.yaml loaded successfully]
[2024-11-19 10:10:34,993: INFO: common: Directory artifacts created successfully]
[2024-11-19 10:10:34,993: INFO: common: Directory artifacts/data_ingestion created successfully]
[2024-11-19 10:10:34,993: INFO: data_ingestion: File already exists of size:  7718 KB]
[2024-11-19 10:10:35,089: INFO: main: >>>>>>> stage Data Ingestion Stage completed <<<<<<<<

=================x]
[2024-11-19 10:10:35,089: INFO: main: >>>>>>> stage Data Validation Stage started <<<<<<<<]
[2024-11-19 10:10:35,094: INFO: common: yaml file: config\config.yaml loaded successfully]
[2024-11-19 10:10:35,095: INFO: common: yaml file: params.yaml loaded successfully]
[2024-11-19 10:10:35,095: INFO: common: Directory artifacts created successfully]
[2024-11-19 10:10:35,095: INFO: common: Directory artifacts/data_validation created successfully]
[2024-11-19 10:10:35,097: INFO: main: >>>>>>> stage Data Validation Stage completed <<<<<<<<

=================x]
[2024-11-19 10:10:35,098: INFO: main: >>>>>>> stage Data Transformation Stage started <<<<<<<<]
[2024-11-19 10:10:35,099: INFO: common: yaml file: config\config.yaml loaded successfully]
[2024-11-19 10:10:35,103: INFO: common: yaml file: params.yaml loaded successfully]
[2024-11-19 10:10:35,103: INFO: common: Directory artifacts created successfully]
[2024-11-19 10:10:35,103: INFO: common: Directory artifacts/data_transformation created successfully]
[2024-11-19 10:10:37,420: INFO: main: >>>>>>> stage Data Transformation Stage completed <<<<<<<<

=================x]
[2024-11-19 10:10:37,421: INFO: main: >>>>>>> stage Model Training  Stage started <<<<<<<<]
[2024-11-19 10:10:37,423: INFO: common: yaml file: config\config.yaml loaded successfully]
[2024-11-19 10:10:37,425: INFO: common: yaml file: params.yaml loaded successfully]
[2024-11-19 10:10:37,425: INFO: common: Directory artifacts created successfully]
[2024-11-19 10:11:32,240: INFO: config: PyTorch version 2.5.1 available.]
[2024-11-19 10:11:33,094: INFO: main: >>>>>>> stage Data Ingestion Stage started <<<<<<<<]
[2024-11-19 10:11:33,094: INFO: common: yaml file: config\config.yaml loaded successfully]
[2024-11-19 10:11:33,094: INFO: common: yaml file: params.yaml loaded successfully]
[2024-11-19 10:11:33,102: INFO: common: Directory artifacts created successfully]
[2024-11-19 10:11:33,102: INFO: common: Directory artifacts/data_ingestion created successfully]
[2024-11-19 10:11:35,008: INFO: data_ingestion: artifacts/data_ingestion/data.zip download! with following info: 
Connection: close
Content-Length: 7903594
Cache-Control: max-age=300
Content-Security-Policy: default-src 'none'; style-src 'unsafe-inline'; sandbox
Content-Type: application/zip
ETag: "dbc016a060da18070593b83afff580c9b300f0b6ea4147a7988433e04df246ca"
Strict-Transport-Security: max-age=31536000
X-Content-Type-Options: nosniff
X-Frame-Options: deny
X-XSS-Protection: 1; mode=block
X-GitHub-Request-Id: 9DDD:347D96:C7B71:FE9B1:673C05D3
Accept-Ranges: bytes
Date: Tue, 19 Nov 2024 04:41:33 GMT
Via: 1.1 varnish
X-Served-By: cache-hyd1100021-HYD
X-Cache: HIT
X-Cache-Hits: 0
X-Timer: S1731991294.550053,VS0,VE276
Vary: Authorization,Accept-Encoding,Origin
Access-Control-Allow-Origin: *
Cross-Origin-Resource-Policy: cross-origin
X-Fastly-Request-ID: 83e80dff5a1f55141035e1066736a2d0b6611778
Expires: Tue, 19 Nov 2024 04:46:33 GMT
Source-Age: 0

]
[2024-11-19 10:11:35,146: INFO: main: >>>>>>> stage Data Ingestion Stage completed <<<<<<<<

=================x]
[2024-11-19 10:11:35,152: INFO: main: >>>>>>> stage Data Validation Stage started <<<<<<<<]
[2024-11-19 10:11:35,153: INFO: common: yaml file: config\config.yaml loaded successfully]
[2024-11-19 10:11:35,153: INFO: common: yaml file: params.yaml loaded successfully]
[2024-11-19 10:11:35,153: INFO: common: Directory artifacts created successfully]
[2024-11-19 10:11:35,153: INFO: common: Directory artifacts/data_validation created successfully]
[2024-11-19 10:11:35,162: INFO: main: >>>>>>> stage Data Validation Stage completed <<<<<<<<

=================x]
[2024-11-19 10:11:35,162: INFO: main: >>>>>>> stage Data Transformation Stage started <<<<<<<<]
[2024-11-19 10:11:35,165: INFO: common: yaml file: config\config.yaml loaded successfully]
[2024-11-19 10:11:35,171: INFO: common: yaml file: params.yaml loaded successfully]
[2024-11-19 10:11:35,172: INFO: common: Directory artifacts created successfully]
[2024-11-19 10:11:35,172: INFO: common: Directory artifacts/data_transformation created successfully]
[2024-11-19 10:11:40,225: INFO: main: >>>>>>> stage Data Transformation Stage completed <<<<<<<<

=================x]
[2024-11-19 10:11:40,225: INFO: main: >>>>>>> stage Model Training  Stage started <<<<<<<<]
[2024-11-19 10:11:40,232: INFO: common: yaml file: config\config.yaml loaded successfully]
[2024-11-19 10:11:40,232: INFO: common: yaml file: params.yaml loaded successfully]
[2024-11-19 10:11:40,232: INFO: common: Directory artifacts created successfully]
[2024-11-19 10:11:48,002: INFO: main: >>>>>>> stage Model Training  Stage completed <<<<<<<<

=================x]
[2024-11-19 10:11:48,002: INFO: main: >>>>>>> stage Model Evaluation  Stage started <<<<<<<<]
[2024-11-19 10:11:48,004: INFO: common: yaml file: config\config.yaml loaded successfully]
[2024-11-19 10:11:48,006: INFO: common: yaml file: params.yaml loaded successfully]
[2024-11-19 10:11:48,006: INFO: common: Directory artifacts created successfully]
[2024-11-19 10:11:48,006: INFO: common: Directory artifacts/model_evaluation created successfully]
[2024-11-19 10:13:41,426: INFO: rouge_scorer: Using default tokenizer.]
[2024-11-19 10:13:41,573: INFO: main: >>>>>>> stage Model Evaluation  Stage completed <<<<<<<<

=================x]
[2024-11-19 10:14:56,673: INFO: common: yaml file: config\config.yaml loaded successfully]
[2024-11-19 10:14:56,679: INFO: common: yaml file: params.yaml loaded successfully]
[2024-11-19 10:14:56,679: INFO: common: Directory artifacts created successfully]
[2024-11-19 10:14:56,679: INFO: common: Directory artifacts/model_evaluation created successfully]
